// Jest Snapshot v1, https://goo.gl/fbAQLP

exports[`Add form tests renders the UI as expected 1`] = `
<form
  className="addForm"
  onSubmit={[Function]}
>
  <fieldset>
    <legend>
      Add Bookmark
    </legend>
    <div
      className="formElement"
    >
      <label
        htmlFor="title"
      >
        Title
      </label>
      <input
        aria-label="Title"
        aria-placeholder="Reddit"
        aria-required="true"
        id="title"
        name="title"
        placeholder="Reddit"
        type="text"
      />
    </div>
    <div
      className="formElement"
    >
      <label
        htmlFor="url"
      >
        Url
      </label>
      <input
        aria-label="Url"
        aria-placehder="https://www.reddit.com"
        aria-required="true"
        id="url"
        name="url"
        placeholder="https://www.reddit.com"
        type="text"
      />
    </div>
    <div
      className="formElement"
    >
      <label
        htmlFor="rating"
      >
        Rating
      </label>
      <select
        aria-label="Select Rating"
        aria-required="false"
        id="rating"
        name="rating"
      >
        <option
          value="1"
        >
          1
        </option>
        <option
          value="2"
        >
          2
        </option>
        <option
          value="3"
        >
          3
        </option>
        <option
          value="4"
        >
          4
        </option>
        <option
          value="5"
        >
          5
        </option>
      </select>
    </div>
    <div
      className="formElement"
    >
      <label
        htmlFor="description"
      >
        Description
      </label>
      <textarea
        aria-label="Description"
        aria-placeholder="This is the best website ever."
        aria-required="false"
        id="description"
        name="desc"
        placeholder="This is the best website ever."
        rows="5"
      />
    </div>
    <div
      className="formControls"
    >
      <button
        className="cancel"
        type="button"
      >
        <svg
          fill="currentColor"
          height="1em"
          stroke="currentColor"
          strokeWidth="0"
          style={
            Object {
              "color": undefined,
            }
          }
          viewBox="0 0 24 24"
          width="1em"
          xmlns="http://www.w3.org/2000/svg"
        >
          <path
            d="M12 2C6.47 2 2 6.47 2 12s4.47 10 10 10 10-4.47 10-10S17.53 2 12 2zm5 13.59L15.59 17 12 13.41 8.41 17 7 15.59 10.59 12 7 8.41 8.41 7 12 10.59 15.59 7 17 8.41 13.41 12 17 15.59z"
          />
        </svg>
        <p>
          Cancel
        </p>
      </button>
      <button
        className="submit"
        type="submit"
      >
        <svg
          fill="currentColor"
          height="1em"
          stroke="currentColor"
          strokeWidth="0"
          style={
            Object {
              "color": undefined,
            }
          }
          viewBox="0 0 24 24"
          width="1em"
          xmlns="http://www.w3.org/2000/svg"
        >
          <path
            d="M17 3H5c-1.11 0-2 .9-2 2v14c0 1.1.89 2 2 2h14c1.1 0 2-.9 2-2V7l-4-4zm-5 16c-1.66 0-3-1.34-3-3s1.34-3 3-3 3 1.34 3 3-1.34 3-3 3zm3-10H5V5h10v4z"
          />
        </svg>
        <p>
          Save
        </p>
      </button>
    </div>
  </fieldset>
</form>
`;
