// Jest Snapshot v1, https://goo.gl/fbAQLP

exports[`Bookmark tests renders the UI as expected 1`] = `
<section
  className="bookmarkItem"
>
  <div
    className="head"
  >
    <h3>
      test title
    </h3>
  </div>
  <div
    className="rating"
  >
    <div
      className="rating"
    >
      <span>
        <svg
          className="filled"
          fill="currentColor"
          height="1em"
          stroke="currentColor"
          strokeWidth="0"
          style={
            Object {
              "color": undefined,
            }
          }
          viewBox="0 0 512 512"
          width="1em"
          xmlns="http://www.w3.org/2000/svg"
        >
          <path
            d="M463 192H315.9L271.2 58.6C269 52.1 262.9 48 256 48s-13 4.1-15.2 10.6L196.1 192H48c-8.8 0-16 7.2-16 16 0 .9.1 1.9.3 2.7.2 3.5 1.8 7.4 6.7 11.3l120.9 85.2-46.4 134.9c-2.3 6.5 0 13.8 5.5 18 2.9 2.1 5.6 3.9 9 3.9 3.3 0 7.2-1.7 10-3.6l118-84.1 118 84.1c2.8 2 6.7 3.6 10 3.6 3.4 0 6.1-1.7 8.9-3.9 5.6-4.2 7.8-11.4 5.5-18L352 307.2l119.9-86 2.9-2.5c2.6-2.8 5.2-6.6 5.2-10.7 0-8.8-8.2-16-17-16z"
          />
        </svg>
      </span>
      <span>
        <svg
          className="filled"
          fill="currentColor"
          height="1em"
          stroke="currentColor"
          strokeWidth="0"
          style={
            Object {
              "color": undefined,
            }
          }
          viewBox="0 0 512 512"
          width="1em"
          xmlns="http://www.w3.org/2000/svg"
        >
          <path
            d="M463 192H315.9L271.2 58.6C269 52.1 262.9 48 256 48s-13 4.1-15.2 10.6L196.1 192H48c-8.8 0-16 7.2-16 16 0 .9.1 1.9.3 2.7.2 3.5 1.8 7.4 6.7 11.3l120.9 85.2-46.4 134.9c-2.3 6.5 0 13.8 5.5 18 2.9 2.1 5.6 3.9 9 3.9 3.3 0 7.2-1.7 10-3.6l118-84.1 118 84.1c2.8 2 6.7 3.6 10 3.6 3.4 0 6.1-1.7 8.9-3.9 5.6-4.2 7.8-11.4 5.5-18L352 307.2l119.9-86 2.9-2.5c2.6-2.8 5.2-6.6 5.2-10.7 0-8.8-8.2-16-17-16z"
          />
        </svg>
      </span>
      <span>
        <svg
          className="filled"
          fill="currentColor"
          height="1em"
          stroke="currentColor"
          strokeWidth="0"
          style={
            Object {
              "color": undefined,
            }
          }
          viewBox="0 0 512 512"
          width="1em"
          xmlns="http://www.w3.org/2000/svg"
        >
          <path
            d="M463 192H315.9L271.2 58.6C269 52.1 262.9 48 256 48s-13 4.1-15.2 10.6L196.1 192H48c-8.8 0-16 7.2-16 16 0 .9.1 1.9.3 2.7.2 3.5 1.8 7.4 6.7 11.3l120.9 85.2-46.4 134.9c-2.3 6.5 0 13.8 5.5 18 2.9 2.1 5.6 3.9 9 3.9 3.3 0 7.2-1.7 10-3.6l118-84.1 118 84.1c2.8 2 6.7 3.6 10 3.6 3.4 0 6.1-1.7 8.9-3.9 5.6-4.2 7.8-11.4 5.5-18L352 307.2l119.9-86 2.9-2.5c2.6-2.8 5.2-6.6 5.2-10.7 0-8.8-8.2-16-17-16z"
          />
        </svg>
      </span>
      <span>
        <svg
          fill="currentColor"
          height="1em"
          stroke="currentColor"
          strokeWidth="0"
          style={
            Object {
              "color": undefined,
            }
          }
          viewBox="0 0 512 512"
          width="1em"
          xmlns="http://www.w3.org/2000/svg"
        >
          <path
            d="M463 192H315.9L271.2 58.6C269 52.1 262.9 48 256 48s-13 4.1-15.2 10.6L196.1 192H48c-8.8 0-16 7.2-16 16 0 .9.1 1.9.3 2.7.2 3.5 1.8 7.4 6.7 11.3l120.9 85.2-46.4 134.9c-2.3 6.5 0 13.8 5.5 18 2.9 2.1 5.6 3.9 9 3.9 3.3 0 7.2-1.7 10-3.6l118-84.1 118 84.1c2.8 2 6.7 3.6 10 3.6 3.4 0 6.1-1.7 8.9-3.9 5.6-4.2 7.8-11.4 5.5-18L352 307.2l119.9-86 2.9-2.5c2.6-2.8 5.2-6.6 5.2-10.7 0-8.8-8.2-16-17-16zm-127.2 92.5c-10 7.2-14.2 20.2-10.2 31.8l30.1 87.7c1.3 3.7-2.9 6.8-6.1 4.6l-77.4-55.2c-4.9-3.5-10.6-5.2-16.3-5.2-5.7 0-11.4 1.7-16.2 5.2l-77.4 55.1c-3.2 2.3-7.4-.9-6.1-4.6l30.1-87.7c4-11.8-.2-24.8-10.3-32l-81-57.1c-3.2-2.2-1.6-7.3 2.3-7.3H196c12 0 22.7-7.7 26.5-19.1l29.6-88.2c1.2-3.6 6.4-3.6 7.6 0l29.6 88.2c3.8 11.4 14.5 19.1 26.5 19.1h97.3c3.9 0 5.5 5 2.3 7.2l-79.6 57.5z"
          />
        </svg>
      </span>
      <span>
        <svg
          fill="currentColor"
          height="1em"
          stroke="currentColor"
          strokeWidth="0"
          style={
            Object {
              "color": undefined,
            }
          }
          viewBox="0 0 512 512"
          width="1em"
          xmlns="http://www.w3.org/2000/svg"
        >
          <path
            d="M463 192H315.9L271.2 58.6C269 52.1 262.9 48 256 48s-13 4.1-15.2 10.6L196.1 192H48c-8.8 0-16 7.2-16 16 0 .9.1 1.9.3 2.7.2 3.5 1.8 7.4 6.7 11.3l120.9 85.2-46.4 134.9c-2.3 6.5 0 13.8 5.5 18 2.9 2.1 5.6 3.9 9 3.9 3.3 0 7.2-1.7 10-3.6l118-84.1 118 84.1c2.8 2 6.7 3.6 10 3.6 3.4 0 6.1-1.7 8.9-3.9 5.6-4.2 7.8-11.4 5.5-18L352 307.2l119.9-86 2.9-2.5c2.6-2.8 5.2-6.6 5.2-10.7 0-8.8-8.2-16-17-16zm-127.2 92.5c-10 7.2-14.2 20.2-10.2 31.8l30.1 87.7c1.3 3.7-2.9 6.8-6.1 4.6l-77.4-55.2c-4.9-3.5-10.6-5.2-16.3-5.2-5.7 0-11.4 1.7-16.2 5.2l-77.4 55.1c-3.2 2.3-7.4-.9-6.1-4.6l30.1-87.7c4-11.8-.2-24.8-10.3-32l-81-57.1c-3.2-2.2-1.6-7.3 2.3-7.3H196c12 0 22.7-7.7 26.5-19.1l29.6-88.2c1.2-3.6 6.4-3.6 7.6 0l29.6 88.2c3.8 11.4 14.5 19.1 26.5 19.1h97.3c3.9 0 5.5 5 2.3 7.2l-79.6 57.5z"
          />
        </svg>
      </span>
    </div>
  </div>
  <div
    className="itemControlsContainer"
  >
    <div
      className="itemControls"
    >
      <div
        className="tooltip"
      >
        <svg
          fill="currentColor"
          height="1em"
          onClick={[Function]}
          stroke="currentColor"
          strokeWidth="0"
          style={
            Object {
              "color": undefined,
            }
          }
          viewBox="0 0 24 24"
          width="1em"
          xmlns="http://www.w3.org/2000/svg"
        >
          <path
            d="M3 17.25V21h3.75L17.81 9.94l-3.75-3.75L3 17.25zM20.71 7.04c.39-.39.39-1.02 0-1.41l-2.34-2.34c-.39-.39-1.02-.39-1.41 0l-1.83 1.83 3.75 3.75 1.83-1.83z"
          />
        </svg>
        <span
          className="tooltiptext"
        >
          Edit
        </span>
      </div>
      <div
        className="tooltip delete"
      >
        <svg
          fill="currentColor"
          height="1em"
          onClick={[Function]}
          stroke="currentColor"
          strokeWidth="0"
          style={
            Object {
              "color": undefined,
            }
          }
          viewBox="0 0 24 24"
          width="1em"
          xmlns="http://www.w3.org/2000/svg"
        >
          <path
            d="M6 19c0 1.1.9 2 2 2h8c1.1 0 2-.9 2-2V7H6v12zM19 4h-3.5l-1-1h-5l-1 1H5v2h14V4z"
          />
        </svg>
        <span
          className="tooltiptext"
        >
          Delete
        </span>
      </div>
      <div
        className="tooltip"
      >
        <a
          className="linkButton"
          href="https://www.twitter.com"
          rel="noopener noreferrer"
          target="_blank"
        >
          <svg
            baseProfile="tiny"
            fill="currentColor"
            height="1em"
            stroke="currentColor"
            strokeWidth="0"
            style={
              Object {
                "color": undefined,
              }
            }
            version="1.2"
            viewBox="0 0 24 24"
            width="1em"
            xmlns="http://www.w3.org/2000/svg"
          >
            <path
              d="M13 5.499c-.256 0-.512.097-.707.292-.195.196-.293.452-.293.708v2.559c-4.5.498-8 4.309-8 8.941v1c2.245-3.423 5.25-3.92 8-3.989v2.489c0 .255.098.512.293.707s.451.293.707.293.512-.098.707-.293l6.293-6.207-6.293-6.208c-.195-.195-.451-.292-.707-.292z"
            />
          </svg>
        </a>
        <span
          className="tooltiptext"
        >
          Visit
        </span>
      </div>
    </div>
  </div>
  <div
    className="itemExpanded"
    onClick={[Function]}
  >
    <svg
      fill="currentColor"
      height="1em"
      stroke="currentColor"
      strokeWidth="0"
      style={
        Object {
          "color": undefined,
        }
      }
      viewBox="0 0 24 24"
      width="1em"
      xmlns="http://www.w3.org/2000/svg"
    >
      <path
        d="M16.59 8.59L12 13.17 7.41 8.59 6 10l6 6 6-6z"
      />
    </svg>
    <span>
      More
    </span>
  </div>
</section>
`;
