// Jest Snapshot v1, https://goo.gl/fbAQLP

exports[`BookmarksList tests renders the UI as expected 1`] = `
<div
  className="BookmarksList"
>
  <div
    className="add"
  />
  <div
    className="control"
  >
    <div>
      <select
        aria-label="Sort by rating"
        className="sort-select"
        name="sort"
        onChange={[Function]}
      >
        <option
          value=""
        >
          Sort by rating
        </option>
        <option
          value="asc"
        >
          Ascending
        </option>
        <option
          value="desc"
        >
          Descending
        </option>
      </select>
    </div>
  </div>
  <p>
    You haven't added any bookmarks yet. 
  </p>
  <p>
    Tap the green button to get started!
  </p>
  <div
    className="addButtonContainer"
  >
    <svg
      className="addButton"
      fill="currentColor"
      height="1em"
      onClick={[Function]}
      stroke="currentColor"
      strokeWidth="0"
      style={
        Object {
          "color": undefined,
        }
      }
      viewBox="0 0 1024 1024"
      width="1em"
      xmlns="http://www.w3.org/2000/svg"
    >
      <path
        d="M512 64C264.6 64 64 264.6 64 512s200.6 448 448 448 448-200.6 448-448S759.4 64 512 64zm192 472c0 4.4-3.6 8-8 8H544v152c0 4.4-3.6 8-8 8h-48c-4.4 0-8-3.6-8-8V544H328c-4.4 0-8-3.6-8-8v-48c0-4.4 3.6-8 8-8h152V328c0-4.4 3.6-8 8-8h48c4.4 0 8 3.6 8 8v152h152c4.4 0 8 3.6 8 8v48z"
      />
    </svg>
  </div>
</div>
`;
