// Jest Snapshot v1, https://goo.gl/fbAQLP

exports[`Loading component testing renders UI as expected 1`] = `
<div
  className="loading"
>
  <p>
    Loading...
  </p>
</div>
`;
